Archive member included to satisfy reference by file (symbol)

/usr/lib/gcc/avr/6.2.0/avr51/libgcc.a(_mulsi3.o)
                              build/task_charge.o (__mulsi3)
/usr/lib/gcc/avr/6.2.0/avr51/libgcc.a(_udivmodqi4.o)
                              build/lcd.o (__udivmodqi4)
/usr/lib/gcc/avr/6.2.0/avr51/libgcc.a(_divmodqi4.o)
                              build/lcd.o (__divmodqi4)
/usr/lib/gcc/avr/6.2.0/avr51/libgcc.a(_udivmodhi4.o)
                              build/lcd.o (__udivmodhi4)
/usr/lib/gcc/avr/6.2.0/avr51/libgcc.a(_divmodhi4.o)
                              build/lcd.o (__divmodhi4)
/usr/lib/gcc/avr/6.2.0/avr51/libgcc.a(_udivmodsi4.o)
                              build/lcd.o (__udivmodsi4)
/usr/lib/gcc/avr/6.2.0/avr51/libgcc.a(_divmodsi4.o)
                              build/lcd.o (__divmodsi4)
/usr/lib/gcc/avr/6.2.0/avr51/libgcc.a(_negsi2.o)
                              /usr/lib/gcc/avr/6.2.0/avr51/libgcc.a(_divmodsi4.o) (__negsi2)
/usr/lib/gcc/avr/6.2.0/avr51/libgcc.a(_exit.o)
                              /usr/lib/gcc/avr/6.2.0/../../../../avr/lib/avr51/crtat90can128.o (exit)
/usr/lib/gcc/avr/6.2.0/avr51/libgcc.a(_tablejump2.o)
                              build/atmel/can_lib.o (__tablejump2__)
/usr/lib/gcc/avr/6.2.0/avr51/libgcc.a(_copy_data.o)
                              build/i2c.o (__do_copy_data)
/usr/lib/gcc/avr/6.2.0/avr51/libgcc.a(_clear_bss.o)
                              build/main.o (__do_clear_bss)
/usr/lib/gcc/avr/6.2.0/avr51/libgcc.a(_muluhisi3.o)
                              /usr/lib/gcc/avr/6.2.0/avr51/libgcc.a(_mulsi3.o) (__muluhisi3)
/usr/lib/gcc/avr/6.2.0/avr51/libgcc.a(_umulhisi3.o)
                              /usr/lib/gcc/avr/6.2.0/avr51/libgcc.a(_muluhisi3.o) (__umulhisi3)
/usr/lib/gcc/avr/6.2.0/../../../../avr/lib/avr51/libm.a(addsf3.o)
                              build/task_i2c.o (__subsf3)
/usr/lib/gcc/avr/6.2.0/../../../../avr/lib/avr51/libm.a(addsf3x.o)
                              /usr/lib/gcc/avr/6.2.0/../../../../avr/lib/avr51/libm.a(addsf3.o) (__addsf3x)
/usr/lib/gcc/avr/6.2.0/../../../../avr/lib/avr51/libm.a(cmpsf2.o)
                              build/lcd.o (__ltsf2)
/usr/lib/gcc/avr/6.2.0/../../../../avr/lib/avr51/libm.a(divsf3.o)
                              build/task_i2c.o (__divsf3)
/usr/lib/gcc/avr/6.2.0/../../../../avr/lib/avr51/libm.a(divsf3x.o)
                              /usr/lib/gcc/avr/6.2.0/../../../../avr/lib/avr51/libm.a(divsf3.o) (__divsf3x)
/usr/lib/gcc/avr/6.2.0/../../../../avr/lib/avr51/libm.a(fixsfsi.o)
                              build/lcd.o (__fixsfsi)
/usr/lib/gcc/avr/6.2.0/../../../../avr/lib/avr51/libm.a(fixunssfsi.o)
                              build/task_i2c.o (__fixunssfsi)
/usr/lib/gcc/avr/6.2.0/../../../../avr/lib/avr51/libm.a(floatsisf.o)
                              build/task_i2c.o (__floatunsisf)
/usr/lib/gcc/avr/6.2.0/../../../../avr/lib/avr51/libm.a(fp_cmp.o)
                              /usr/lib/gcc/avr/6.2.0/../../../../avr/lib/avr51/libm.a(cmpsf2.o) (__fp_cmp)
/usr/lib/gcc/avr/6.2.0/../../../../avr/lib/avr51/libm.a(fp_inf.o)
                              /usr/lib/gcc/avr/6.2.0/../../../../avr/lib/avr51/libm.a(addsf3x.o) (__fp_inf)
/usr/lib/gcc/avr/6.2.0/../../../../avr/lib/avr51/libm.a(fp_nan.o)
                              /usr/lib/gcc/avr/6.2.0/../../../../avr/lib/avr51/libm.a(addsf3x.o) (__fp_nan)
/usr/lib/gcc/avr/6.2.0/../../../../avr/lib/avr51/libm.a(fp_pscA.o)
                              /usr/lib/gcc/avr/6.2.0/../../../../avr/lib/avr51/libm.a(addsf3x.o) (__fp_pscA)
/usr/lib/gcc/avr/6.2.0/../../../../avr/lib/avr51/libm.a(fp_pscB.o)
                              /usr/lib/gcc/avr/6.2.0/../../../../avr/lib/avr51/libm.a(addsf3x.o) (__fp_pscB)
/usr/lib/gcc/avr/6.2.0/../../../../avr/lib/avr51/libm.a(fp_round.o)
                              /usr/lib/gcc/avr/6.2.0/../../../../avr/lib/avr51/libm.a(addsf3.o) (__fp_round)
/usr/lib/gcc/avr/6.2.0/../../../../avr/lib/avr51/libm.a(fp_split3.o)
                              /usr/lib/gcc/avr/6.2.0/../../../../avr/lib/avr51/libm.a(addsf3x.o) (__fp_split3)
/usr/lib/gcc/avr/6.2.0/../../../../avr/lib/avr51/libm.a(fp_zero.o)
                              /usr/lib/gcc/avr/6.2.0/../../../../avr/lib/avr51/libm.a(addsf3x.o) (__fp_zero)
/usr/lib/gcc/avr/6.2.0/../../../../avr/lib/avr51/libm.a(gesf2.o)
                              build/task_charge.o (__gtsf2)
/usr/lib/gcc/avr/6.2.0/../../../../avr/lib/avr51/libm.a(mulsf3.o)
                              build/lcd.o (__mulsf3)
/usr/lib/gcc/avr/6.2.0/../../../../avr/lib/avr51/libm.a(mulsf3x.o)
                              /usr/lib/gcc/avr/6.2.0/../../../../avr/lib/avr51/libm.a(mulsf3.o) (__mulsf3x)
/usr/lib/gcc/avr/6.2.0/../../../../avr/lib/avr51/libc.a(memcpy.o)
                              build/lcd.o (memcpy)
/usr/lib/gcc/avr/6.2.0/../../../../avr/lib/avr51/libc.a(itoa_ncheck.o)
                              build/lcd.o (__itoa_ncheck)
/usr/lib/gcc/avr/6.2.0/../../../../avr/lib/avr51/libc.a(utoa_ncheck.o)
                              /usr/lib/gcc/avr/6.2.0/../../../../avr/lib/avr51/libc.a(itoa_ncheck.o) (__utoa_common)
/usr/lib/gcc/avr/6.2.0/../../../../avr/lib/avr51/libc.a(sprintf.o)
                              build/lcd.o (sprintf)
/usr/lib/gcc/avr/6.2.0/../../../../avr/lib/avr51/libc.a(vfprintf_std.o)
                              /usr/lib/gcc/avr/6.2.0/../../../../avr/lib/avr51/libc.a(sprintf.o) (vfprintf)
/usr/lib/gcc/avr/6.2.0/../../../../avr/lib/avr51/libc.a(strnlen_P.o)
                              /usr/lib/gcc/avr/6.2.0/../../../../avr/lib/avr51/libc.a(vfprintf_std.o) (strnlen_P)
/usr/lib/gcc/avr/6.2.0/../../../../avr/lib/avr51/libc.a(strnlen.o)
                              /usr/lib/gcc/avr/6.2.0/../../../../avr/lib/avr51/libc.a(vfprintf_std.o) (strnlen)
/usr/lib/gcc/avr/6.2.0/../../../../avr/lib/avr51/libc.a(strrev.o)
                              /usr/lib/gcc/avr/6.2.0/../../../../avr/lib/avr51/libc.a(utoa_ncheck.o) (strrev)
/usr/lib/gcc/avr/6.2.0/../../../../avr/lib/avr51/libc.a(fputc.o)
                              /usr/lib/gcc/avr/6.2.0/../../../../avr/lib/avr51/libc.a(vfprintf_std.o) (fputc)
/usr/lib/gcc/avr/6.2.0/../../../../avr/lib/avr51/libc.a(ultoa_invert.o)
                              /usr/lib/gcc/avr/6.2.0/../../../../avr/lib/avr51/libc.a(vfprintf_std.o) (__ultoa_invert)
/usr/lib/gcc/avr/6.2.0/../../../../avr/lib/avr51/libat90can128.a(eerd_byte.o)
                              build/lcd.o (eeprom_read_byte)
/usr/lib/gcc/avr/6.2.0/../../../../avr/lib/avr51/libat90can128.a(eerd_word.o)
                              build/lcd.o (eeprom_read_word)
/usr/lib/gcc/avr/6.2.0/../../../../avr/lib/avr51/libat90can128.a(eewr_byte.o)
                              build/lcd.o (eeprom_write_byte)
/usr/lib/gcc/avr/6.2.0/../../../../avr/lib/avr51/libat90can128.a(eewr_word.o)
                              build/lcd.o (eeprom_write_word)
/usr/lib/gcc/avr/6.2.0/../../../../avr/lib/avr51/libat90can128.a(eerd_block.o)
                              /usr/lib/gcc/avr/6.2.0/../../../../avr/lib/avr51/libat90can128.a(eerd_word.o) (eeprom_read_blraw)

Allocating common symbols
Common symbol       size              file

button_enter        0x1               build/main.o
Pack_State_Strings  0xe               build/main.o
ams_voltage         0x2               build/main.o
cell_status         0x7               build/main.o
pack_SOC            0x1               build/main.o
display_2           0x14              build/main.o
cell_Tslp           0x1c              build/main.o
address             0x4               build/main.o
lcd_flag            0x1               build/main.o
CANADD_PACKINFO1    0x2               build/main.o
ams_temp            0x2               build/main.o
PACK_NUM            0x1               build/main.o
ams_board_addr      0x10              build/main.o
v_select            0x2               build/main.o
pack_current        0x4               build/main.o
can_frame_ctrl      0x2               build/main.o
sloop_state         0x1               build/main.o
CANADD_CELLINFO     0x2               build/main.o
cell_T              0xe               build/main.o
adc_value           0x4               build/main.o
pack_state          0x2               build/main.o
cell_Voff           0xe               build/main.o
display_0           0x14              build/main.o
curr_pack_id        0x1               build/main.o
i                   0x2               build/task_can.o
fault_code          0x1               build/main.o
bypass_flag         0x1               build/main.o
A_mutex             0x5               build/main.o
off_result          0x5               build/main.o
can_frame           0xd               build/main.o
curr_can_addr       0x5               build/main.o
pack_num_choice     0x1               build/main.o
flt_cnd             0x5               build/main.o
ams_serial_array    0x40              build/main.o
display_1           0x14              build/main.o
LOW_DET             0x1               build/main.o
sel                 0x1               build/main.o
can_buff            0x8               build/main.o
prev_pack_SOC       0x1               build/main.o
pack_voltage        0x2               build/main.o
pack_coulombs       0x4               build/main.o
button_down         0x1               build/main.o
cell                0x1               build/main.o
slp_result          0x5               build/main.o
ams_board_count     0x1               build/main.o
can_frame_id        0x4               build/main.o
CHRG_DET            0x1               build/main.o
cell_V              0xe               build/main.o
addr_choice         0x2               build/main.o
CANADD_PACKINFO2    0x2               build/main.o
i2c_mutex           0x5               build/i2c.o
cell_Toff           0xe               build/main.o
shunt_voltage       0x2               build/main.o
button_up           0x1               build/main.o
num_cells           0x1               build/task_can.o
cell_Vslp           0xe               build/main.o
display_3           0x14              build/main.o
next_pack_id        0x1               build/main.o
next_can_addr       0x5               build/main.o

Memory Configuration

Name             Origin             Length             Attributes
text             0x0000000000000000 0x0000000000020000 xr
data             0x0000000000800100 0x000000000000ff00 rw !x
eeprom           0x0000000000810000 0x0000000000010000 rw !x
fuse             0x0000000000820000 0x0000000000000003 rw !x
lock             0x0000000000830000 0x0000000000000400 rw !x
signature        0x0000000000840000 0x0000000000000400 rw !x
user_signatures  0x0000000000850000 0x0000000000000400 rw !x
*default*        0x0000000000000000 0xffffffffffffffff

Linker script and memory map

Address of section .data set to 0x800100
LOAD /usr/lib/gcc/avr/6.2.0/../../../../avr/lib/avr51/crtat90can128.o
LOAD build/main.o
LOAD build/i2c.o
LOAD build/lcd.o
LOAD build/task_button.o
LOAD build/task_i2c.o
LOAD build/task_can.o
LOAD build/task_gui.o
LOAD build/task_watchdog.o
LOAD build/task_charge.o
LOAD build/task_safety.o
LOAD build/task_config.o
LOAD build/task_heartbeat.o
LOAD build/tasklist.o
LOAD build/atomport-asm.o
LOAD build/atomkernel.o
LOAD build/atomsem.o
LOAD build/atommutex.o
LOAD build/atomtimer.o
LOAD build/atomqueue.o
LOAD build/atomport.o
LOAD build/atmel/TWI_Master.o
LOAD build/atmel/can_lib.o
LOAD build/atmel/can_drv.o
START GROUP
LOAD /usr/lib/gcc/avr/6.2.0/avr51/libgcc.a
LOAD /usr/lib/gcc/avr/6.2.0/../../../../avr/lib/avr51/libm.a
LOAD /usr/lib/gcc/avr/6.2.0/../../../../avr/lib/avr51/libc.a
LOAD /usr/lib/gcc/avr/6.2.0/../../../../avr/lib/avr51/libat90can128.a
END GROUP
                0x0000000000020000                __TEXT_REGION_LENGTH__ = DEFINED (__TEXT_REGION_LENGTH__)?__TEXT_REGION_LENGTH__:0x20000
                0x000000000000ff00                __DATA_REGION_LENGTH__ = DEFINED (__DATA_REGION_LENGTH__)?__DATA_REGION_LENGTH__:0xff00
                0x0000000000010000                __EEPROM_REGION_LENGTH__ = DEFINED (__EEPROM_REGION_LENGTH__)?__EEPROM_REGION_LENGTH__:0x10000
                [0x0000000000000003]                __FUSE_REGION_LENGTH__ = DEFINED (__FUSE_REGION_LENGTH__)?__FUSE_REGION_LENGTH__:0x400
                0x0000000000000400                __LOCK_REGION_LENGTH__ = DEFINED (__LOCK_REGION_LENGTH__)?__LOCK_REGION_LENGTH__:0x400
                0x0000000000000400                __SIGNATURE_REGION_LENGTH__ = DEFINED (__SIGNATURE_REGION_LENGTH__)?__SIGNATURE_REGION_LENGTH__:0x400
                0x0000000000000400                __USER_SIGNATURE_REGION_LENGTH__ = DEFINED (__USER_SIGNATURE_REGION_LENGTH__)?__USER_SIGNATURE_REGION_LENGTH__:0x400

.hash
 *(.hash)

.dynsym
 *(.dynsym)

.dynstr
 *(.dynstr)

.gnu.version
 *(.gnu.version)

.gnu.version_d
 *(.gnu.version_d)

.gnu.version_r
 *(.gnu.version_r)

.rel.init
 *(.rel.init)

.rela.init
 *(.rela.init)

.rel.text
 *(.rel.text)
 *(.rel.text.*)
 *(.rel.gnu.linkonce.t*)

.rela.text
 *(.rela.text)
 *(.rela.text.*)
 *(.rela.gnu.linkonce.t*)

.rel.fini
 *(.rel.fini)

.rela.fini
 *(.rela.fini)

.rel.rodata
 *(.rel.rodata)
 *(.rel.rodata.*)
 *(.rel.gnu.linkonce.r*)

.rela.rodata
 *(.rela.rodata)
 *(.rela.rodata.*)
 *(.rela.gnu.linkonce.r*)

.rel.data
 *(.rel.data)
 *(.rel.data.*)
 *(.rel.gnu.linkonce.d*)

.rela.data
 *(.rela.data)
 *(.rela.data.*)
 *(.rela.gnu.linkonce.d*)

.rel.ctors
 *(.rel.ctors)

.rela.ctors
 *(.rela.ctors)

.rel.dtors
 *(.rel.dtors)

.rela.dtors
 *(.rela.dtors)

.rel.got
 *(.rel.got)

.rela.got
 *(.rela.got)

.rel.bss
 *(.rel.bss)

.rela.bss
 *(.rela.bss)

.rel.plt
 *(.rel.plt)

.rela.plt
 *(.rela.plt)

.text           0x0000000000000000     0x5a9c
 *(.vectors)
 .vectors       0x0000000000000000       0x94 /usr/lib/gcc/avr/6.2.0/../../../../avr/lib/avr51/crtat90can128.o
                0x0000000000000000                __vectors
 *(.vectors)
 *(.progmem.gcc*)
                0x0000000000000094                . = ALIGN (0x2)
                0x0000000000000094                __trampolines_start = .
 *(.trampolines)
 .trampolines   0x0000000000000094        0x0 linker stubs
 *(.trampolines*)
                0x0000000000000094                __trampolines_end = .
 *libprintf_flt.a:*(.progmem.data)
 *libc.a:*(.progmem.data)
 *(.progmem*)
                0x0000000000000094                . = ALIGN (0x2)
 *(.jumptables)
 *(.jumptables*)
 *(.lowtext)
 *(.lowtext*)
                0x0000000000000094                __ctors_start = .
 *(.ctors)
                0x0000000000000094                __ctors_end = .
                0x0000000000000094                __dtors_start = .
 *(.dtors)
                0x0000000000000094                __dtors_end = .
 SORT(*)(.ctors)
 SORT(*)(.dtors)
 *(.init0)
 .init0         0x0000000000000094        0x0 /usr/lib/gcc/avr/6.2.0/../../../../avr/lib/avr51/crtat90can128.o
                0x0000000000000094                __init
 *(.init0)
 *(.init1)
 *(.init1)
 *(.init2)
 .init2         0x0000000000000094        0xc /usr/lib/gcc/avr/6.2.0/../../../../avr/lib/avr51/crtat90can128.o
 *(.init2)
 *(.init3)
 *(.init3)
 *(.init4)
 .init4         0x00000000000000a0       0x1a /usr/lib/gcc/avr/6.2.0/avr51/libgcc.a(_copy_data.o)
                0x00000000000000a0                __do_copy_data
 .init4         0x00000000000000ba       0x10 /usr/lib/gcc/avr/6.2.0/avr51/libgcc.a(_clear_bss.o)
                0x00000000000000ba                __do_clear_bss
 *(.init4)
 *(.init5)
 *(.init5)
 *(.init6)
 *(.init6)
 *(.init7)
 *(.init7)
 *(.init8)
 *(.init8)
 *(.init9)
 .init9         0x00000000000000ca        0x8 /usr/lib/gcc/avr/6.2.0/../../../../avr/lib/avr51/crtat90can128.o
 *(.init9)
 *(.text)
 .text          0x00000000000000d2        0x4 /usr/lib/gcc/avr/6.2.0/../../../../avr/lib/avr51/crtat90can128.o
                0x00000000000000d2                __vector_22
                0x00000000000000d2                __vector_28
                0x00000000000000d2                __vector_1
                0x00000000000000d2                __vector_32
                0x00000000000000d2                __vector_34
                0x00000000000000d2                __vector_24
                0x00000000000000d2                __bad_interrupt
                0x00000000000000d2                __vector_6
                0x00000000000000d2                __vector_31
                0x00000000000000d2                __vector_3
                0x00000000000000d2                __vector_23
                0x00000000000000d2                __vector_30
                0x00000000000000d2                __vector_25
                0x00000000000000d2                __vector_11
                0x00000000000000d2                __vector_13
                0x00000000000000d2                __vector_17
                0x00000000000000d2                __vector_19
                0x00000000000000d2                __vector_7
                0x00000000000000d2                __vector_27
                0x00000000000000d2                __vector_5
                0x00000000000000d2                __vector_33
                0x00000000000000d2                __vector_4
                0x00000000000000d2                __vector_9
                0x00000000000000d2                __vector_2
                0x00000000000000d2                __vector_21
                0x00000000000000d2                __vector_15
                0x00000000000000d2                __vector_36
                0x00000000000000d2                __vector_29
                0x00000000000000d2                __vector_8
                0x00000000000000d2                __vector_26
                0x00000000000000d2                __vector_14
                0x00000000000000d2                __vector_10
                0x00000000000000d2                __vector_16
                0x00000000000000d2                __vector_18
                0x00000000000000d2                __vector_20
 .text          0x00000000000000d6        0x0 build/main.o
 .text          0x00000000000000d6      0x876 build/i2c.o
                0x00000000000000d6                get_detect
                0x0000000000000146                adc_init
                0x00000000000001ae                power_init
                0x0000000000000220                select_shunt_voltage
                0x000000000000025c                get_shunt_voltage
                0x00000000000002ca                select_pack_voltage
                0x0000000000000306                get_pack_voltage
                0x0000000000000374                get_adc_current
                0x00000000000003de                current_sensor_on
                0x000000000000041a                current_sensor_off
                0x0000000000000456                lcd_transmit
                0x00000000000004d4                lcd_reset
                0x00000000000004f2                lcd_init
                0x0000000000000568                lcd_message
                0x0000000000000594                ams_reset_bypass
                0x00000000000005ce                ams_set_bypass
                0x000000000000060a                ams_cell_status
                0x00000000000006ba                ams_magic
                0x0000000000000734                locate_ams_boards
                0x000000000000078c                ams_cal
                0x000000000000082a                ams_serial
                0x00000000000008bc                get_ams_serial
                0x0000000000000912                i2c_init
 .text          0x000000000000094c     0x131c build/lcd.o
                0x000000000000094c                write_lcd
                0x0000000000000982                display_top
                0x0000000000000ec0                display_cal1
                0x0000000000000f98                display_cell
                0x0000000000001186                display_cell_cal
                0x000000000000151c                set_pack_num
                0x00000000000018ca                set_can_address
 .text          0x0000000000001c68       0x4a build/task_button.o
                0x0000000000001c68                task_button_init
                0x0000000000001c76                task_button
 .text          0x0000000000001cb2      0x57e build/task_i2c.o
                0x0000000000001cb2                bypass_selection
                0x0000000000001e3a                task_i2c
 .text          0x0000000000002230      0x43a build/task_can.o
                0x0000000000002230                task_can_init
                0x0000000000002390                task_can
 .text          0x000000000000266a       0x9e build/task_gui.o
                0x000000000000266a                task_gui_init
                0x000000000000266e                task_gui
 .text          0x0000000000002708       0x20 build/task_watchdog.o
                0x0000000000002708                task_watchdog
 .text          0x0000000000002728      0x2ac build/task_charge.o
                0x0000000000002728                task_charge_init
                0x0000000000002750                read_SOC
                0x0000000000002788                save_SOC
                0x00000000000027aa                task_charge
 .text          0x00000000000029d4       0x3c build/task_safety.o
                0x00000000000029d4                safety_init
                0x00000000000029e2                task_safety
 .text          0x0000000000002a10      0x3d2 build/task_config.o
                0x0000000000002a10                task_config
 .text          0x0000000000002de2       0x2c build/task_heartbeat.o
                0x0000000000002de2                heartbeat_init
                0x0000000000002dfc                task_heartbeat
 .text          0x0000000000002e0e       0x48 build/tasklist.o
                0x0000000000002e0e                atomThreadStartAll
 .text          0x0000000000002e56       0x94 build/atomport-asm.o
                0x0000000000002e56                archContextSwitch
                0x0000000000002eb8                archFirstThreadRestore
 .text          0x0000000000002eea      0x376 build/atomkernel.o
                0x0000000000002eec                atomIntEnter
                0x0000000000002f00                atomCurrentContext
                0x0000000000002f1c                tcbEnqueuePriority
                0x0000000000002fb0                tcbDequeueHead
                0x0000000000002fee                tcbDequeueEntry
                0x000000000000306a                tcbDequeuePriority
                0x00000000000030aa                atomSched
                0x0000000000003138                atomThreadCreate
                0x00000000000031d6                atomOSInit
                0x0000000000003226                atomIntExit
                0x000000000000323e                atomOSStart
 .text          0x0000000000003260      0x27c build/atomsem.o
                0x000000000000329c                atomSemCreate
                0x00000000000032b0                atomSemDelete
                0x000000000000333c                atomSemGet
                0x0000000000003442                atomSemPut
                0x00000000000034cc                atomSemResetCount
 .text          0x00000000000034dc      0x2c0 build/atommutex.o
                0x0000000000003518                atomMutexCreate
                0x0000000000003530                atomMutexDelete
                0x00000000000035bc                atomMutexGet
                0x00000000000036ec                atomMutexPut
 .text          0x000000000000379c      0x228 build/atomtimer.o
                0x00000000000037ba                atomTimerRegister
                0x0000000000003804                atomTimerCancel
                0x0000000000003858                atomTimeGet
                0x000000000000386a                atomTimeSet
                0x000000000000387c                atomTimerTick
                0x0000000000003924                atomTimerDelay
 .text          0x00000000000039c4      0x5c4 build/atomqueue.o
                0x0000000000003ba4                atomQueueCreate
                0x0000000000003c10                atomQueueDelete
                0x0000000000003cba                atomQueueGet
                0x0000000000003e24                atomQueuePut
 .text          0x0000000000003f88      0x110 build/atomport.o
                0x0000000000003fb0                archThreadContextInit
                0x0000000000004010                avrInitSystemTickTimer
                0x000000000000402a                __vector_12
                0x0000000000004084                __vector_default
 .text          0x0000000000004098      0x198 build/atmel/TWI_Master.o
                0x0000000000004098                TWI_Master_Initialise
                0x00000000000040ac                TWI_Transceiver_Busy
                0x00000000000040b4                TWI_Get_State_Info
                0x00000000000040c2                TWI_Start_Transceiver_With_Data
                0x0000000000004102                TWI_Start_Transceiver
                0x000000000000411c                TWI_Get_Data_From_Transceiver
                0x000000000000414a                __vector_35
 .text          0x0000000000004230      0xade build/atmel/can_lib.o
                0x0000000000004230                can_init
                0x000000000000424a                can_cmd
                0x0000000000004c00                can_get_status
 .text          0x0000000000004d0e       0xb8 build/atmel/can_drv.o
                0x0000000000004d0e                can_clear_all_mob
                0x0000000000004d28                can_get_mob_free
                0x0000000000004d52                can_get_mob_status
                0x0000000000004d78                can_get_data
                0x0000000000004da0                can_fixed_baudrate
                0x0000000000004dbc                Max
 .text          0x0000000000004dc6        0x0 /usr/lib/gcc/avr/6.2.0/avr51/libgcc.a(_mulsi3.o)
 .text          0x0000000000004dc6        0x0 /usr/lib/gcc/avr/6.2.0/avr51/libgcc.a(_udivmodqi4.o)
 .text          0x0000000000004dc6        0x0 /usr/lib/gcc/avr/6.2.0/avr51/libgcc.a(_divmodqi4.o)
 .text          0x0000000000004dc6        0x0 /usr/lib/gcc/avr/6.2.0/avr51/libgcc.a(_udivmodhi4.o)
 .text          0x0000000000004dc6        0x0 /usr/lib/gcc/avr/6.2.0/avr51/libgcc.a(_divmodhi4.o)
 .text          0x0000000000004dc6        0x0 /usr/lib/gcc/avr/6.2.0/avr51/libgcc.a(_udivmodsi4.o)
 .text          0x0000000000004dc6        0x0 /usr/lib/gcc/avr/6.2.0/avr51/libgcc.a(_divmodsi4.o)
 .text          0x0000000000004dc6        0x0 /usr/lib/gcc/avr/6.2.0/avr51/libgcc.a(_negsi2.o)
 .text          0x0000000000004dc6        0x0 /usr/lib/gcc/avr/6.2.0/avr51/libgcc.a(_exit.o)
 .text          0x0000000000004dc6        0x0 /usr/lib/gcc/avr/6.2.0/avr51/libgcc.a(_tablejump2.o)
 .text          0x0000000000004dc6        0x0 /usr/lib/gcc/avr/6.2.0/avr51/libgcc.a(_copy_data.o)
 .text          0x0000000000004dc6        0x0 /usr/lib/gcc/avr/6.2.0/avr51/libgcc.a(_clear_bss.o)
 .text          0x0000000000004dc6        0x0 /usr/lib/gcc/avr/6.2.0/avr51/libgcc.a(_muluhisi3.o)
 .text          0x0000000000004dc6        0x0 /usr/lib/gcc/avr/6.2.0/avr51/libgcc.a(_umulhisi3.o)
 .text          0x0000000000004dc6        0x0 /usr/lib/gcc/avr/6.2.0/../../../../avr/lib/avr51/libm.a(addsf3.o)
 .text          0x0000000000004dc6        0x0 /usr/lib/gcc/avr/6.2.0/../../../../avr/lib/avr51/libm.a(addsf3x.o)
 .text          0x0000000000004dc6        0x0 /usr/lib/gcc/avr/6.2.0/../../../../avr/lib/avr51/libm.a(cmpsf2.o)
 .text          0x0000000000004dc6        0x0 /usr/lib/gcc/avr/6.2.0/../../../../avr/lib/avr51/libm.a(divsf3.o)
 .text          0x0000000000004dc6        0x0 /usr/lib/gcc/avr/6.2.0/../../../../avr/lib/avr51/libm.a(divsf3x.o)
 .text          0x0000000000004dc6        0x0 /usr/lib/gcc/avr/6.2.0/../../../../avr/lib/avr51/libm.a(fixsfsi.o)
 .text          0x0000000000004dc6        0x0 /usr/lib/gcc/avr/6.2.0/../../../../avr/lib/avr51/libm.a(fixunssfsi.o)
 .text          0x0000000000004dc6        0x0 /usr/lib/gcc/avr/6.2.0/../../../../avr/lib/avr51/libm.a(floatsisf.o)
 .text          0x0000000000004dc6        0x0 /usr/lib/gcc/avr/6.2.0/../../../../avr/lib/avr51/libm.a(fp_cmp.o)
 .text          0x0000000000004dc6        0x0 /usr/lib/gcc/avr/6.2.0/../../../../avr/lib/avr51/libm.a(fp_inf.o)
 .text          0x0000000000004dc6        0x0 /usr/lib/gcc/avr/6.2.0/../../../../avr/lib/avr51/libm.a(fp_nan.o)
 .text          0x0000000000004dc6        0x0 /usr/lib/gcc/avr/6.2.0/../../../../avr/lib/avr51/libm.a(fp_pscA.o)
 .text          0x0000000000004dc6        0x0 /usr/lib/gcc/avr/6.2.0/../../../../avr/lib/avr51/libm.a(fp_pscB.o)
 .text          0x0000000000004dc6        0x0 /usr/lib/gcc/avr/6.2.0/../../../../avr/lib/avr51/libm.a(fp_round.o)
 .text          0x0000000000004dc6        0x0 /usr/lib/gcc/avr/6.2.0/../../../../avr/lib/avr51/libm.a(fp_split3.o)
 .text          0x0000000000004dc6        0x0 /usr/lib/gcc/avr/6.2.0/../../../../avr/lib/avr51/libm.a(fp_zero.o)
 .text          0x0000000000004dc6        0x0 /usr/lib/gcc/avr/6.2.0/../../../../avr/lib/avr51/libm.a(gesf2.o)
 .text          0x0000000000004dc6        0x0 /usr/lib/gcc/avr/6.2.0/../../../../avr/lib/avr51/libm.a(mulsf3.o)
 .text          0x0000000000004dc6        0x0 /usr/lib/gcc/avr/6.2.0/../../../../avr/lib/avr51/libm.a(mulsf3x.o)
 .text          0x0000000000004dc6        0x0 /usr/lib/gcc/avr/6.2.0/../../../../avr/lib/avr51/libc.a(memcpy.o)
 .text          0x0000000000004dc6        0x0 /usr/lib/gcc/avr/6.2.0/../../../../avr/lib/avr51/libc.a(itoa_ncheck.o)
 .text          0x0000000000004dc6        0x0 /usr/lib/gcc/avr/6.2.0/../../../../avr/lib/avr51/libc.a(utoa_ncheck.o)
 .text          0x0000000000004dc6        0x0 /usr/lib/gcc/avr/6.2.0/../../../../avr/lib/avr51/libc.a(sprintf.o)
 .text          0x0000000000004dc6        0x0 /usr/lib/gcc/avr/6.2.0/../../../../avr/lib/avr51/libc.a(vfprintf_std.o)
 .text          0x0000000000004dc6        0x0 /usr/lib/gcc/avr/6.2.0/../../../../avr/lib/avr51/libc.a(strnlen_P.o)
 .text          0x0000000000004dc6        0x0 /usr/lib/gcc/avr/6.2.0/../../../../avr/lib/avr51/libc.a(strnlen.o)
 .text          0x0000000000004dc6        0x0 /usr/lib/gcc/avr/6.2.0/../../../../avr/lib/avr51/libc.a(strrev.o)
 .text          0x0000000000004dc6        0x0 /usr/lib/gcc/avr/6.2.0/../../../../avr/lib/avr51/libc.a(fputc.o)
 .text          0x0000000000004dc6        0x0 /usr/lib/gcc/avr/6.2.0/../../../../avr/lib/avr51/libc.a(ultoa_invert.o)
 .text          0x0000000000004dc6        0x0 /usr/lib/gcc/avr/6.2.0/../../../../avr/lib/avr51/libat90can128.a(eerd_byte.o)
 .text          0x0000000000004dc6        0x0 /usr/lib/gcc/avr/6.2.0/../../../../avr/lib/avr51/libat90can128.a(eerd_word.o)
 .text          0x0000000000004dc6        0x0 /usr/lib/gcc/avr/6.2.0/../../../../avr/lib/avr51/libat90can128.a(eewr_byte.o)
 .text          0x0000000000004dc6        0x0 /usr/lib/gcc/avr/6.2.0/../../../../avr/lib/avr51/libat90can128.a(eewr_word.o)
 .text          0x0000000000004dc6        0x0 /usr/lib/gcc/avr/6.2.0/../../../../avr/lib/avr51/libat90can128.a(eerd_block.o)
                0x0000000000004dc6                . = ALIGN (0x2)
 *(.text.*)
 .text.startup  0x0000000000004dc6       0x3c build/main.o
                0x0000000000004dc6                main
 .text.libgcc.mul
                0x0000000000004e02       0x20 /usr/lib/gcc/avr/6.2.0/avr51/libgcc.a(_mulsi3.o)
                0x0000000000004e02                __mulsi3
 .text.libgcc.div
                0x0000000000004e22        0x0 /usr/lib/gcc/avr/6.2.0/avr51/libgcc.a(_mulsi3.o)
 .text.libgcc   0x0000000000004e22        0x0 /usr/lib/gcc/avr/6.2.0/avr51/libgcc.a(_mulsi3.o)
 .text.libgcc.prologue
                0x0000000000004e22        0x0 /usr/lib/gcc/avr/6.2.0/avr51/libgcc.a(_mulsi3.o)
 .text.libgcc.builtins
                0x0000000000004e22        0x0 /usr/lib/gcc/avr/6.2.0/avr51/libgcc.a(_mulsi3.o)
 .text.libgcc.fmul
                0x0000000000004e22        0x0 /usr/lib/gcc/avr/6.2.0/avr51/libgcc.a(_mulsi3.o)
 .text.libgcc.fixed
                0x0000000000004e22        0x0 /usr/lib/gcc/avr/6.2.0/avr51/libgcc.a(_mulsi3.o)
 .text.libgcc.mul
                0x0000000000004e22        0x0 /usr/lib/gcc/avr/6.2.0/avr51/libgcc.a(_udivmodqi4.o)
 .text.libgcc.div
                0x0000000000004e22       0x18 /usr/lib/gcc/avr/6.2.0/avr51/libgcc.a(_udivmodqi4.o)
                0x0000000000004e22                __udivmodqi4
 .text.libgcc   0x0000000000004e3a        0x0 /usr/lib/gcc/avr/6.2.0/avr51/libgcc.a(_udivmodqi4.o)
 .text.libgcc.prologue
                0x0000000000004e3a        0x0 /usr/lib/gcc/avr/6.2.0/avr51/libgcc.a(_udivmodqi4.o)
 .text.libgcc.builtins
                0x0000000000004e3a        0x0 /usr/lib/gcc/avr/6.2.0/avr51/libgcc.a(_udivmodqi4.o)
 .text.libgcc.fmul
                0x0000000000004e3a        0x0 /usr/lib/gcc/avr/6.2.0/avr51/libgcc.a(_udivmodqi4.o)
 .text.libgcc.fixed
                0x0000000000004e3a        0x0 /usr/lib/gcc/avr/6.2.0/avr51/libgcc.a(_udivmodqi4.o)
 .text.libgcc.mul
                0x0000000000004e3a        0x0 /usr/lib/gcc/avr/6.2.0/avr51/libgcc.a(_divmodqi4.o)
 .text.libgcc.div
                0x0000000000004e3a       0x1c /usr/lib/gcc/avr/6.2.0/avr51/libgcc.a(_divmodqi4.o)
                0x0000000000004e3a                __divmodqi4
 .text.libgcc   0x0000000000004e56        0x0 /usr/lib/gcc/avr/6.2.0/avr51/libgcc.a(_divmodqi4.o)
 .text.libgcc.prologue
                0x0000000000004e56        0x0 /usr/lib/gcc/avr/6.2.0/avr51/libgcc.a(_divmodqi4.o)
 .text.libgcc.builtins
                0x0000000000004e56        0x0 /usr/lib/gcc/avr/6.2.0/avr51/libgcc.a(_divmodqi4.o)
 .text.libgcc.fmul
                0x0000000000004e56        0x0 /usr/lib/gcc/avr/6.2.0/avr51/libgcc.a(_divmodqi4.o)
 .text.libgcc.fixed
                0x0000000000004e56        0x0 /usr/lib/gcc/avr/6.2.0/avr51/libgcc.a(_divmodqi4.o)
 .text.libgcc.mul
                0x0000000000004e56        0x0 /usr/lib/gcc/avr/6.2.0/avr51/libgcc.a(_udivmodhi4.o)
 .text.libgcc.div
                0x0000000000004e56       0x28 /usr/lib/gcc/avr/6.2.0/avr51/libgcc.a(_udivmodhi4.o)
                0x0000000000004e56                __udivmodhi4
 .text.libgcc   0x0000000000004e7e        0x0 /usr/lib/gcc/avr/6.2.0/avr51/libgcc.a(_udivmodhi4.o)
 .text.libgcc.prologue
                0x0000000000004e7e        0x0 /usr/lib/gcc/avr/6.2.0/avr51/libgcc.a(_udivmodhi4.o)
 .text.libgcc.builtins
                0x0000000000004e7e        0x0 /usr/lib/gcc/avr/6.2.0/avr51/libgcc.a(_udivmodhi4.o)
 .text.libgcc.fmul
                0x0000000000004e7e        0x0 /usr/lib/gcc/avr/6.2.0/avr51/libgcc.a(_udivmodhi4.o)
 .text.libgcc.fixed
                0x0000000000004e7e        0x0 /usr/lib/gcc/avr/6.2.0/avr51/libgcc.a(_udivmodhi4.o)
 .text.libgcc.mul
                0x0000000000004e7e        0x0 /usr/lib/gcc/avr/6.2.0/avr51/libgcc.a(_divmodhi4.o)
 .text.libgcc.div
                0x0000000000004e7e       0x28 /usr/lib/gcc/avr/6.2.0/avr51/libgcc.a(_divmodhi4.o)
                0x0000000000004e7e                __divmodhi4
                0x0000000000004e7e                _div
 .text.libgcc   0x0000000000004ea6        0x0 /usr/lib/gcc/avr/6.2.0/avr51/libgcc.a(_divmodhi4.o)
 .text.libgcc.prologue
                0x0000000000004ea6        0x0 /usr/lib/gcc/avr/6.2.0/avr51/libgcc.a(_divmodhi4.o)
 .text.libgcc.builtins
                0x0000000000004ea6        0x0 /usr/lib/gcc/avr/6.2.0/avr51/libgcc.a(_divmodhi4.o)
 .text.libgcc.fmul
                0x0000000000004ea6        0x0 /usr/lib/gcc/avr/6.2.0/avr51/libgcc.a(_divmodhi4.o)
 .text.libgcc.fixed
                0x0000000000004ea6        0x0 /usr/lib/gcc/avr/6.2.0/avr51/libgcc.a(_divmodhi4.o)
 .text.libgcc.mul
                0x0000000000004ea6        0x0 /usr/lib/gcc/avr/6.2.0/avr51/libgcc.a(_udivmodsi4.o)
 .text.libgcc.div
                0x0000000000004ea6       0x44 /usr/lib/gcc/avr/6.2.0/avr51/libgcc.a(_udivmodsi4.o)
                0x0000000000004ea6                __udivmodsi4
 .text.libgcc   0x0000000000004eea        0x0 /usr/lib/gcc/avr/6.2.0/avr51/libgcc.a(_udivmodsi4.o)
 .text.libgcc.prologue
                0x0000000000004eea        0x0 /usr/lib/gcc/avr/6.2.0/avr51/libgcc.a(_udivmodsi4.o)
 .text.libgcc.builtins
                0x0000000000004eea        0x0 /usr/lib/gcc/avr/6.2.0/avr51/libgcc.a(_udivmodsi4.o)
 .text.libgcc.fmul
                0x0000000000004eea        0x0 /usr/lib/gcc/avr/6.2.0/avr51/libgcc.a(_udivmodsi4.o)
 .text.libgcc.fixed
                0x0000000000004eea        0x0 /usr/lib/gcc/avr/6.2.0/avr51/libgcc.a(_udivmodsi4.o)
 .text.libgcc.mul
                0x0000000000004eea        0x0 /usr/lib/gcc/avr/6.2.0/avr51/libgcc.a(_divmodsi4.o)
 .text.libgcc.div
                0x0000000000004eea       0x2e /usr/lib/gcc/avr/6.2.0/avr51/libgcc.a(_divmodsi4.o)
                0x0000000000004eea                __divmodsi4
 .text.libgcc   0x0000000000004f18        0x0 /usr/lib/gcc/avr/6.2.0/avr51/libgcc.a(_divmodsi4.o)
 .text.libgcc.prologue
                0x0000000000004f18        0x0 /usr/lib/gcc/avr/6.2.0/avr51/libgcc.a(_divmodsi4.o)
 .text.libgcc.builtins
                0x0000000000004f18        0x0 /usr/lib/gcc/avr/6.2.0/avr51/libgcc.a(_divmodsi4.o)
 .text.libgcc.fmul
                0x0000000000004f18        0x0 /usr/lib/gcc/avr/6.2.0/avr51/libgcc.a(_divmodsi4.o)
 .text.libgcc.fixed
                0x0000000000004f18        0x0 /usr/lib/gcc/avr/6.2.0/avr51/libgcc.a(_divmodsi4.o)
 .text.libgcc.mul
                0x0000000000004f18        0x0 /usr/lib/gcc/avr/6.2.0/avr51/libgcc.a(_negsi2.o)
 .text.libgcc.div
                0x0000000000004f18       0x10 /usr/lib/gcc/avr/6.2.0/avr51/libgcc.a(_negsi2.o)
                0x0000000000004f18                __negsi2
 .text.libgcc   0x0000000000004f28        0x0 /usr/lib/gcc/avr/6.2.0/avr51/libgcc.a(_negsi2.o)
 .text.libgcc.prologue
                0x0000000000004f28        0x0 /usr/lib/gcc/avr/6.2.0/avr51/libgcc.a(_negsi2.o)
 .text.libgcc.builtins
                0x0000000000004f28        0x0 /usr/lib/gcc/avr/6.2.0/avr51/libgcc.a(_negsi2.o)
 .text.libgcc.fmul
                0x0000000000004f28        0x0 /usr/lib/gcc/avr/6.2.0/avr51/libgcc.a(_negsi2.o)
 .text.libgcc.fixed
                0x0000000000004f28        0x0 /usr/lib/gcc/avr/6.2.0/avr51/libgcc.a(_negsi2.o)
 .text.libgcc.mul
                0x0000000000004f28        0x0 /usr/lib/gcc/avr/6.2.0/avr51/libgcc.a(_exit.o)
 .text.libgcc.div
                0x0000000000004f28        0x0 /usr/lib/gcc/avr/6.2.0/avr51/libgcc.a(_exit.o)
 .text.libgcc   0x0000000000004f28        0x0 /usr/lib/gcc/avr/6.2.0/avr51/libgcc.a(_exit.o)
 .text.libgcc.prologue
                0x0000000000004f28        0x0 /usr/lib/gcc/avr/6.2.0/avr51/libgcc.a(_exit.o)
 .text.libgcc.builtins
                0x0000000000004f28        0x0 /usr/lib/gcc/avr/6.2.0/avr51/libgcc.a(_exit.o)
 .text.libgcc.fmul
                0x0000000000004f28        0x0 /usr/lib/gcc/avr/6.2.0/avr51/libgcc.a(_exit.o)
 .text.libgcc.fixed
                0x0000000000004f28        0x0 /usr/lib/gcc/avr/6.2.0/avr51/libgcc.a(_exit.o)
 .text.libgcc.mul
                0x0000000000004f28        0x0 /usr/lib/gcc/avr/6.2.0/avr51/libgcc.a(_tablejump2.o)
 .text.libgcc.div
                0x0000000000004f28        0x0 /usr/lib/gcc/avr/6.2.0/avr51/libgcc.a(_tablejump2.o)
 .text.libgcc   0x0000000000004f28       0x12 /usr/lib/gcc/avr/6.2.0/avr51/libgcc.a(_tablejump2.o)
                0x0000000000004f28                __tablejump2__
 .text.libgcc.prologue
                0x0000000000004f3a        0x0 /usr/lib/gcc/avr/6.2.0/avr51/libgcc.a(_tablejump2.o)
 .text.libgcc.builtins
                0x0000000000004f3a        0x0 /usr/lib/gcc/avr/6.2.0/avr51/libgcc.a(_tablejump2.o)
 .text.libgcc.fmul
                0x0000000000004f3a        0x0 /usr/lib/gcc/avr/6.2.0/avr51/libgcc.a(_tablejump2.o)
 .text.libgcc.fixed
                0x0000000000004f3a        0x0 /usr/lib/gcc/avr/6.2.0/avr51/libgcc.a(_tablejump2.o)
 .text.libgcc.mul
                0x0000000000004f3a        0x0 /usr/lib/gcc/avr/6.2.0/avr51/libgcc.a(_copy_data.o)
 .text.libgcc.div
                0x0000000000004f3a        0x0 /usr/lib/gcc/avr/6.2.0/avr51/libgcc.a(_copy_data.o)
 .text.libgcc   0x0000000000004f3a        0x0 /usr/lib/gcc/avr/6.2.0/avr51/libgcc.a(_copy_data.o)
 .text.libgcc.prologue
                0x0000000000004f3a        0x0 /usr/lib/gcc/avr/6.2.0/avr51/libgcc.a(_copy_data.o)
 .text.libgcc.builtins
                0x0000000000004f3a        0x0 /usr/lib/gcc/avr/6.2.0/avr51/libgcc.a(_copy_data.o)
 .text.libgcc.fmul
                0x0000000000004f3a        0x0 /usr/lib/gcc/avr/6.2.0/avr51/libgcc.a(_copy_data.o)
 .text.libgcc.fixed
                0x0000000000004f3a        0x0 /usr/lib/gcc/avr/6.2.0/avr51/libgcc.a(_copy_data.o)
 .text.libgcc.mul
                0x0000000000004f3a        0x0 /usr/lib/gcc/avr/6.2.0/avr51/libgcc.a(_clear_bss.o)
 .text.libgcc.div
                0x0000000000004f3a        0x0 /usr/lib/gcc/avr/6.2.0/avr51/libgcc.a(_clear_bss.o)
 .text.libgcc   0x0000000000004f3a        0x0 /usr/lib/gcc/avr/6.2.0/avr51/libgcc.a(_clear_bss.o)
 .text.libgcc.prologue
                0x0000000000004f3a        0x0 /usr/lib/gcc/avr/6.2.0/avr51/libgcc.a(_clear_bss.o)
 .text.libgcc.builtins
                0x0000000000004f3a        0x0 /usr/lib/gcc/avr/6.2.0/avr51/libgcc.a(_clear_bss.o)
 .text.libgcc.fmul
                0x0000000000004f3a        0x0 /usr/lib/gcc/avr/6.2.0/avr51/libgcc.a(_clear_bss.o)
 .text.libgcc.fixed
                0x0000000000004f3a        0x0 /usr/lib/gcc/avr/6.2.0/avr51/libgcc.a(_clear_bss.o)
 .text.libgcc.mul
                0x0000000000004f3a       0x16 /usr/lib/gcc/avr/6.2.0/avr51/libgcc.a(_muluhisi3.o)
                0x0000000000004f3a                __muluhisi3
 .text.libgcc.div
                0x0000000000004f50        0x0 /usr/lib/gcc/avr/6.2.0/avr51/libgcc.a(_muluhisi3.o)
 .text.libgcc   0x0000000000004f50        0x0 /usr/lib/gcc/avr/6.2.0/avr51/libgcc.a(_muluhisi3.o)
 .text.libgcc.prologue
                0x0000000000004f50        0x0 /usr/lib/gcc/avr/6.2.0/avr51/libgcc.a(_muluhisi3.o)
 .text.libgcc.builtins
                0x0000000000004f50        0x0 /usr/lib/gcc/avr/6.2.0/avr51/libgcc.a(_muluhisi3.o)
 .text.libgcc.fmul
                0x0000000000004f50        0x0 /usr/lib/gcc/avr/6.2.0/avr51/libgcc.a(_muluhisi3.o)
 .text.libgcc.fixed
                0x0000000000004f50        0x0 /usr/lib/gcc/avr/6.2.0/avr51/libgcc.a(_muluhisi3.o)
 .text.libgcc.mul
                0x0000000000004f50       0x1e /usr/lib/gcc/avr/6.2.0/avr51/libgcc.a(_umulhisi3.o)
                0x0000000000004f50                __umulhisi3
 .text.libgcc.div
                0x0000000000004f6e        0x0 /usr/lib/gcc/avr/6.2.0/avr51/libgcc.a(_umulhisi3.o)
 .text.libgcc   0x0000000000004f6e        0x0 /usr/lib/gcc/avr/6.2.0/avr51/libgcc.a(_umulhisi3.o)
 .text.libgcc.prologue
                0x0000000000004f6e        0x0 /usr/lib/gcc/avr/6.2.0/avr51/libgcc.a(_umulhisi3.o)
 .text.libgcc.builtins
                0x0000000000004f6e        0x0 /usr/lib/gcc/avr/6.2.0/avr51/libgcc.a(_umulhisi3.o)
 .text.libgcc.fmul
                0x0000000000004f6e        0x0 /usr/lib/gcc/avr/6.2.0/avr51/libgcc.a(_umulhisi3.o)
 .text.libgcc.fixed
                0x0000000000004f6e        0x0 /usr/lib/gcc/avr/6.2.0/avr51/libgcc.a(_umulhisi3.o)
 .text.avr-libc.fplib
                0x0000000000004f6e        0xe /usr/lib/gcc/avr/6.2.0/../../../../avr/lib/avr51/libm.a(addsf3.o)
                0x0000000000004f6e                __subsf3
                0x0000000000004f70                __addsf3
 .text.avr-libc.fplib
                0x0000000000004f7c       0xcc /usr/lib/gcc/avr/6.2.0/../../../../avr/lib/avr51/libm.a(addsf3x.o)
                0x0000000000004f9e                __addsf3x
 .text.avr-libc.fplib
                0x0000000000005048        0xa /usr/lib/gcc/avr/6.2.0/../../../../avr/lib/avr51/libm.a(cmpsf2.o)
                0x0000000000005048                __lesf2
                0x0000000000005048                __nesf2
                0x0000000000005048                __eqsf2
                0x0000000000005048                __cmpsf2
                0x0000000000005048                __ltsf2
 .text.avr-libc.fplib
                0x0000000000005052        0x8 /usr/lib/gcc/avr/6.2.0/../../../../avr/lib/avr51/libm.a(divsf3.o)
                0x0000000000005052                __divsf3
 .text.avr-libc.fplib
                0x000000000000505a       0xdc /usr/lib/gcc/avr/6.2.0/../../../../avr/lib/avr51/libm.a(divsf3x.o)
                0x000000000000507a                __divsf3x
                0x0000000000005080                __divsf3_pse
 .text.avr-libc.fplib
                0x0000000000005136        0xe /usr/lib/gcc/avr/6.2.0/../../../../avr/lib/avr51/libm.a(fixsfsi.o)
                0x0000000000005136                __fixsfsi
 .text.avr-libc.fplib
                0x0000000000005144       0x5e /usr/lib/gcc/avr/6.2.0/../../../../avr/lib/avr51/libm.a(fixunssfsi.o)
                0x0000000000005144                __fixunssfsi
 .text.avr-libc.fplib
                0x00000000000051a2       0x7a /usr/lib/gcc/avr/6.2.0/../../../../avr/lib/avr51/libm.a(floatsisf.o)
                0x00000000000051a2                __floatunsisf
                0x00000000000051a6                __floatsisf
 .text.avr-libc.fplib
                0x000000000000521c       0x48 /usr/lib/gcc/avr/6.2.0/../../../../avr/lib/avr51/libm.a(fp_cmp.o)
                0x000000000000521c                __fp_cmp
 .text.avr-libc.fplib
                0x0000000000005264        0xc /usr/lib/gcc/avr/6.2.0/../../../../avr/lib/avr51/libm.a(fp_inf.o)
                0x0000000000005264                __fp_inf
 .text.avr-libc.fplib
                0x0000000000005270        0x6 /usr/lib/gcc/avr/6.2.0/../../../../avr/lib/avr51/libm.a(fp_nan.o)
                0x0000000000005270                __fp_nan
 .text.avr-libc.fplib
                0x0000000000005276        0xe /usr/lib/gcc/avr/6.2.0/../../../../avr/lib/avr51/libm.a(fp_pscA.o)
                0x0000000000005276                __fp_pscA
 .text.avr-libc.fplib
                0x0000000000005284        0xe /usr/lib/gcc/avr/6.2.0/../../../../avr/lib/avr51/libm.a(fp_pscB.o)
                0x0000000000005284                __fp_pscB
 .text.avr-libc.fplib
                0x0000000000005292       0x22 /usr/lib/gcc/avr/6.2.0/../../../../avr/lib/avr51/libm.a(fp_round.o)
                0x0000000000005292                __fp_round
 .text.avr-libc.fplib
                0x00000000000052b4       0x44 /usr/lib/gcc/avr/6.2.0/../../../../avr/lib/avr51/libm.a(fp_split3.o)
                0x00000000000052b4                __fp_split3
                0x00000000000052c4                __fp_splitA
 .text.avr-libc.fplib
                0x00000000000052f8        0xe /usr/lib/gcc/avr/6.2.0/../../../../avr/lib/avr51/libm.a(fp_zero.o)
                0x00000000000052f8                __fp_zero
                0x00000000000052fa                __fp_szero
 .text.avr-libc.fplib
                0x0000000000005306        0xa /usr/lib/gcc/avr/6.2.0/../../../../avr/lib/avr51/libm.a(gesf2.o)
                0x0000000000005306                __gtsf2
                0x0000000000005306                __gesf2
 .text.avr-libc.fplib
                0x0000000000005310        0x8 /usr/lib/gcc/avr/6.2.0/../../../../avr/lib/avr51/libm.a(mulsf3.o)
                0x0000000000005310                __mulsf3
 .text.avr-libc.fplib
                0x0000000000005318       0xd2 /usr/lib/gcc/avr/6.2.0/../../../../avr/lib/avr51/libm.a(mulsf3x.o)
                0x0000000000005336                __mulsf3x
                0x000000000000533c                __mulsf3_pse
 .text.avr-libc
                0x00000000000053ea       0x12 /usr/lib/gcc/avr/6.2.0/../../../../avr/lib/avr51/libc.a(memcpy.o)
                0x00000000000053ea                memcpy
 .text.avr-libc
                0x00000000000053fc       0x16 /usr/lib/gcc/avr/6.2.0/../../../../avr/lib/avr51/libc.a(itoa_ncheck.o)
                0x00000000000053fc                __itoa_ncheck
 .text.avr-libc
                0x0000000000005412       0x34 /usr/lib/gcc/avr/6.2.0/../../../../avr/lib/avr51/libc.a(utoa_ncheck.o)
                0x0000000000005412                __utoa_ncheck
                0x0000000000005414                __utoa_common
 .text.avr-libc
                0x0000000000005446       0x60 /usr/lib/gcc/avr/6.2.0/../../../../avr/lib/avr51/libc.a(sprintf.o)
                0x0000000000005446                sprintf
 .text.avr-libc
                0x00000000000054a6      0x42a /usr/lib/gcc/avr/6.2.0/../../../../avr/lib/avr51/libc.a(vfprintf_std.o)
                0x00000000000054a6                vfprintf
 .text.avr-libc
                0x00000000000058d0       0x16 /usr/lib/gcc/avr/6.2.0/../../../../avr/lib/avr51/libc.a(strnlen_P.o)
                0x00000000000058d0                strnlen_P
 .text.avr-libc
                0x00000000000058e6       0x16 /usr/lib/gcc/avr/6.2.0/../../../../avr/lib/avr51/libc.a(strnlen.o)
                0x00000000000058e6                strnlen
 .text.avr-libc
                0x00000000000058fc       0x20 /usr/lib/gcc/avr/6.2.0/../../../../avr/lib/avr51/libc.a(strrev.o)
                0x00000000000058fc                strrev
 .text.avr-libc
                0x000000000000591c       0x60 /usr/lib/gcc/avr/6.2.0/../../../../avr/lib/avr51/libc.a(fputc.o)
                0x000000000000591c                fputc
 .text.avr-libc
                0x000000000000597c       0xbc /usr/lib/gcc/avr/6.2.0/../../../../avr/lib/avr51/libc.a(ultoa_invert.o)
                0x000000000000597c                __ultoa_invert
 .text.avr-libc
                0x0000000000005a38       0x10 /usr/lib/gcc/avr/6.2.0/../../../../avr/lib/avr51/libat90can128.a(eerd_byte.o)
                0x0000000000005a38                eeprom_read_byte
 .text.avr-libc
                0x0000000000005a48        0xc /usr/lib/gcc/avr/6.2.0/../../../../avr/lib/avr51/libat90can128.a(eerd_word.o)
                0x0000000000005a48                eeprom_read_word
 .text.avr-libc
                0x0000000000005a54       0x1a /usr/lib/gcc/avr/6.2.0/../../../../avr/lib/avr51/libat90can128.a(eewr_byte.o)
                0x0000000000005a54                eeprom_write_byte
                0x0000000000005a56                eeprom_write_r18
 .text.avr-libc
                0x0000000000005a6e        0xa /usr/lib/gcc/avr/6.2.0/../../../../avr/lib/avr51/libat90can128.a(eewr_word.o)
                0x0000000000005a6e                eeprom_write_word
 .text.avr-libc
                0x0000000000005a78       0x20 /usr/lib/gcc/avr/6.2.0/../../../../avr/lib/avr51/libat90can128.a(eerd_block.o)
                0x0000000000005a78                eeprom_read_block
                0x0000000000005a7c                eeprom_read_blraw
                0x0000000000005a98                . = ALIGN (0x2)
 *(.fini9)
 .fini9         0x0000000000005a98        0x0 /usr/lib/gcc/avr/6.2.0/avr51/libgcc.a(_exit.o)
                0x0000000000005a98                exit
                0x0000000000005a98                _exit
 *(.fini9)
 *(.fini8)
 *(.fini8)
 *(.fini7)
 *(.fini7)
 *(.fini6)
 *(.fini6)
 *(.fini5)
 *(.fini5)
 *(.fini4)
 *(.fini4)
 *(.fini3)
 *(.fini3)
 *(.fini2)
 *(.fini2)
 *(.fini1)
 *(.fini1)
 *(.fini0)
 .fini0         0x0000000000005a98        0x4 /usr/lib/gcc/avr/6.2.0/avr51/libgcc.a(_exit.o)
 *(.fini0)
                0x0000000000005a9c                _etext = .

.data           0x0000000000800100      0x188 load address 0x0000000000005a9c
                0x0000000000800100                PROVIDE (__data_start, .)
 *(.data)
 .data          0x0000000000800100        0x0 /usr/lib/gcc/avr/6.2.0/../../../../avr/lib/avr51/crtat90can128.o
 .data          0x0000000000800100        0x0 build/main.o
 .data          0x0000000000800100        0x0 build/i2c.o
 .data          0x0000000000800100        0x0 build/lcd.o
 .data          0x0000000000800100        0x0 build/task_button.o
 .data          0x0000000000800100        0x0 build/task_i2c.o
 .data          0x0000000000800100        0x0 build/task_can.o
 .data          0x0000000000800100        0x0 build/task_gui.o
 .data          0x0000000000800100        0x0 build/task_watchdog.o
 .data          0x0000000000800100        0x0 build/task_charge.o
 .data          0x0000000000800100        0x0 build/task_safety.o
 .data          0x0000000000800100        0x0 build/task_config.o
 .data          0x0000000000800100        0x0 build/task_heartbeat.o
 .data          0x0000000000800100        0x0 build/tasklist.o
 .data          0x0000000000800100        0x0 build/atomport-asm.o
 .data          0x0000000000800100        0x0 build/atomkernel.o
 .data          0x0000000000800100        0x0 build/atomsem.o
 .data          0x0000000000800100        0x0 build/atommutex.o
 .data          0x0000000000800100        0x0 build/atomtimer.o
 .data          0x0000000000800100        0x0 build/atomqueue.o
 .data          0x0000000000800100        0x0 build/atomport.o
 .data          0x0000000000800100        0x1 build/atmel/TWI_Master.o
 .data          0x0000000000800101        0x0 build/atmel/can_lib.o
 .data          0x0000000000800101        0x0 build/atmel/can_drv.o
 .data          0x0000000000800101        0x0 /usr/lib/gcc/avr/6.2.0/avr51/libgcc.a(_mulsi3.o)
 .data          0x0000000000800101        0x0 /usr/lib/gcc/avr/6.2.0/avr51/libgcc.a(_udivmodqi4.o)
 .data          0x0000000000800101        0x0 /usr/lib/gcc/avr/6.2.0/avr51/libgcc.a(_divmodqi4.o)
 .data          0x0000000000800101        0x0 /usr/lib/gcc/avr/6.2.0/avr51/libgcc.a(_udivmodhi4.o)
 .data          0x0000000000800101        0x0 /usr/lib/gcc/avr/6.2.0/avr51/libgcc.a(_divmodhi4.o)
 .data          0x0000000000800101        0x0 /usr/lib/gcc/avr/6.2.0/avr51/libgcc.a(_udivmodsi4.o)
 .data          0x0000000000800101        0x0 /usr/lib/gcc/avr/6.2.0/avr51/libgcc.a(_divmodsi4.o)
 .data          0x0000000000800101        0x0 /usr/lib/gcc/avr/6.2.0/avr51/libgcc.a(_negsi2.o)
 .data          0x0000000000800101        0x0 /usr/lib/gcc/avr/6.2.0/avr51/libgcc.a(_exit.o)
 .data          0x0000000000800101        0x0 /usr/lib/gcc/avr/6.2.0/avr51/libgcc.a(_tablejump2.o)
 .data          0x0000000000800101        0x0 /usr/lib/gcc/avr/6.2.0/avr51/libgcc.a(_copy_data.o)
 .data          0x0000000000800101        0x0 /usr/lib/gcc/avr/6.2.0/avr51/libgcc.a(_clear_bss.o)
 .data          0x0000000000800101        0x0 /usr/lib/gcc/avr/6.2.0/avr51/libgcc.a(_muluhisi3.o)
 .data          0x0000000000800101        0x0 /usr/lib/gcc/avr/6.2.0/avr51/libgcc.a(_umulhisi3.o)
 .data          0x0000000000800101        0x0 /usr/lib/gcc/avr/6.2.0/../../../../avr/lib/avr51/libm.a(addsf3.o)
 .data          0x0000000000800101        0x0 /usr/lib/gcc/avr/6.2.0/../../../../avr/lib/avr51/libm.a(addsf3x.o)
 .data          0x0000000000800101        0x0 /usr/lib/gcc/avr/6.2.0/../../../../avr/lib/avr51/libm.a(cmpsf2.o)
 .data          0x0000000000800101        0x0 /usr/lib/gcc/avr/6.2.0/../../../../avr/lib/avr51/libm.a(divsf3.o)
 .data          0x0000000000800101        0x0 /usr/lib/gcc/avr/6.2.0/../../../../avr/lib/avr51/libm.a(divsf3x.o)
 .data          0x0000000000800101        0x0 /usr/lib/gcc/avr/6.2.0/../../../../avr/lib/avr51/libm.a(fixsfsi.o)
 .data          0x0000000000800101        0x0 /usr/lib/gcc/avr/6.2.0/../../../../avr/lib/avr51/libm.a(fixunssfsi.o)
 .data          0x0000000000800101        0x0 /usr/lib/gcc/avr/6.2.0/../../../../avr/lib/avr51/libm.a(floatsisf.o)
 .data          0x0000000000800101        0x0 /usr/lib/gcc/avr/6.2.0/../../../../avr/lib/avr51/libm.a(fp_cmp.o)
 .data          0x0000000000800101        0x0 /usr/lib/gcc/avr/6.2.0/../../../../avr/lib/avr51/libm.a(fp_inf.o)
 .data          0x0000000000800101        0x0 /usr/lib/gcc/avr/6.2.0/../../../../avr/lib/avr51/libm.a(fp_nan.o)
 .data          0x0000000000800101        0x0 /usr/lib/gcc/avr/6.2.0/../../../../avr/lib/avr51/libm.a(fp_pscA.o)
 .data          0x0000000000800101        0x0 /usr/lib/gcc/avr/6.2.0/../../../../avr/lib/avr51/libm.a(fp_pscB.o)
 .data          0x0000000000800101        0x0 /usr/lib/gcc/avr/6.2.0/../../../../avr/lib/avr51/libm.a(fp_round.o)
 .data          0x0000000000800101        0x0 /usr/lib/gcc/avr/6.2.0/../../../../avr/lib/avr51/libm.a(fp_split3.o)
 .data          0x0000000000800101        0x0 /usr/lib/gcc/avr/6.2.0/../../../../avr/lib/avr51/libm.a(fp_zero.o)
 .data          0x0000000000800101        0x0 /usr/lib/gcc/avr/6.2.0/../../../../avr/lib/avr51/libm.a(gesf2.o)
 .data          0x0000000000800101        0x0 /usr/lib/gcc/avr/6.2.0/../../../../avr/lib/avr51/libm.a(mulsf3.o)
 .data          0x0000000000800101        0x0 /usr/lib/gcc/avr/6.2.0/../../../../avr/lib/avr51/libm.a(mulsf3x.o)
 .data          0x0000000000800101        0x0 /usr/lib/gcc/avr/6.2.0/../../../../avr/lib/avr51/libc.a(memcpy.o)
 .data          0x0000000000800101        0x0 /usr/lib/gcc/avr/6.2.0/../../../../avr/lib/avr51/libc.a(itoa_ncheck.o)
 .data          0x0000000000800101        0x0 /usr/lib/gcc/avr/6.2.0/../../../../avr/lib/avr51/libc.a(utoa_ncheck.o)
 .data          0x0000000000800101        0x0 /usr/lib/gcc/avr/6.2.0/../../../../avr/lib/avr51/libc.a(sprintf.o)
 .data          0x0000000000800101        0x0 /usr/lib/gcc/avr/6.2.0/../../../../avr/lib/avr51/libc.a(vfprintf_std.o)
 .data          0x0000000000800101        0x0 /usr/lib/gcc/avr/6.2.0/../../../../avr/lib/avr51/libc.a(strnlen_P.o)
 .data          0x0000000000800101        0x0 /usr/lib/gcc/avr/6.2.0/../../../../avr/lib/avr51/libc.a(strnlen.o)
 .data          0x0000000000800101        0x0 /usr/lib/gcc/avr/6.2.0/../../../../avr/lib/avr51/libc.a(strrev.o)
 .data          0x0000000000800101        0x0 /usr/lib/gcc/avr/6.2.0/../../../../avr/lib/avr51/libc.a(fputc.o)
 .data          0x0000000000800101        0x0 /usr/lib/gcc/avr/6.2.0/../../../../avr/lib/avr51/libc.a(ultoa_invert.o)
 .data          0x0000000000800101        0x0 /usr/lib/gcc/avr/6.2.0/../../../../avr/lib/avr51/libat90can128.a(eerd_byte.o)
 .data          0x0000000000800101        0x0 /usr/lib/gcc/avr/6.2.0/../../../../avr/lib/avr51/libat90can128.a(eerd_word.o)
 .data          0x0000000000800101        0x0 /usr/lib/gcc/avr/6.2.0/../../../../avr/lib/avr51/libat90can128.a(eewr_byte.o)
 .data          0x0000000000800101        0x0 /usr/lib/gcc/avr/6.2.0/../../../../avr/lib/avr51/libat90can128.a(eewr_word.o)
 .data          0x0000000000800101        0x0 /usr/lib/gcc/avr/6.2.0/../../../../avr/lib/avr51/libat90can128.a(eerd_block.o)
 *(.data*)
 *(.rodata)
 .rodata        0x0000000000800101        0x8 build/i2c.o
 .rodata        0x0000000000800109      0x140 build/lcd.o
 .rodata        0x0000000000800249        0xf build/tasklist.o
                0x0000000000800249                task_list
 *(.rodata*)
 .rodata.str1.1
                0x0000000000800258       0x30 build/lcd.o
 *(.gnu.linkonce.d*)
                0x0000000000800288                . = ALIGN (0x2)
                0x0000000000800288                _edata = .
                0x0000000000800288                PROVIDE (__data_end, .)

.bss            0x0000000000800288      0x48c
                0x0000000000800288                PROVIDE (__bss_start, .)
 *(.bss)
 .bss           0x0000000000800288        0x0 /usr/lib/gcc/avr/6.2.0/../../../../avr/lib/avr51/crtat90can128.o
 .bss           0x0000000000800288      0x200 build/main.o
 .bss           0x0000000000800488        0x0 build/i2c.o
 .bss           0x0000000000800488        0x0 build/lcd.o
 .bss           0x0000000000800488        0x0 build/task_button.o
 .bss           0x0000000000800488        0x0 build/task_i2c.o
 .bss           0x0000000000800488        0x0 build/task_can.o
 .bss           0x0000000000800488        0x0 build/task_gui.o
 .bss           0x0000000000800488        0x0 build/task_watchdog.o
 .bss           0x0000000000800488        0x0 build/task_charge.o
 .bss           0x0000000000800488        0x0 build/task_safety.o
 .bss           0x0000000000800488        0x0 build/task_config.o
 .bss           0x0000000000800488        0x0 build/task_heartbeat.o
 .bss           0x0000000000800488       0xd9 build/tasklist.o
 .bss           0x0000000000800561        0x0 build/atomport-asm.o
 .bss           0x0000000000800561       0x18 build/atomkernel.o
                0x0000000000800561                atomOSStarted
                0x0000000000800562                tcbReadyQ
 .bss           0x0000000000800579        0x0 build/atomsem.o
 .bss           0x0000000000800579        0x0 build/atommutex.o
 .bss           0x0000000000800579        0x6 build/atomtimer.o
 .bss           0x000000000080057f        0x0 build/atomqueue.o
 .bss           0x000000000080057f        0x0 build/atomport.o
 .bss           0x000000000080057f        0x7 build/atmel/TWI_Master.o
                0x000000000080057f                TWI_statusReg
 .bss           0x0000000000800586        0x0 build/atmel/can_lib.o
 .bss           0x0000000000800586        0x0 build/atmel/can_drv.o
 .bss           0x0000000000800586        0x0 /usr/lib/gcc/avr/6.2.0/avr51/libgcc.a(_mulsi3.o)
 .bss           0x0000000000800586        0x0 /usr/lib/gcc/avr/6.2.0/avr51/libgcc.a(_udivmodqi4.o)
 .bss           0x0000000000800586        0x0 /usr/lib/gcc/avr/6.2.0/avr51/libgcc.a(_divmodqi4.o)
 .bss           0x0000000000800586        0x0 /usr/lib/gcc/avr/6.2.0/avr51/libgcc.a(_udivmodhi4.o)
 .bss           0x0000000000800586        0x0 /usr/lib/gcc/avr/6.2.0/avr51/libgcc.a(_divmodhi4.o)
 .bss           0x0000000000800586        0x0 /usr/lib/gcc/avr/6.2.0/avr51/libgcc.a(_udivmodsi4.o)
 .bss           0x0000000000800586        0x0 /usr/lib/gcc/avr/6.2.0/avr51/libgcc.a(_divmodsi4.o)
 .bss           0x0000000000800586        0x0 /usr/lib/gcc/avr/6.2.0/avr51/libgcc.a(_negsi2.o)
 .bss           0x0000000000800586        0x0 /usr/lib/gcc/avr/6.2.0/avr51/libgcc.a(_exit.o)
 .bss           0x0000000000800586        0x0 /usr/lib/gcc/avr/6.2.0/avr51/libgcc.a(_tablejump2.o)
 .bss           0x0000000000800586        0x0 /usr/lib/gcc/avr/6.2.0/avr51/libgcc.a(_copy_data.o)
 .bss           0x0000000000800586        0x0 /usr/lib/gcc/avr/6.2.0/avr51/libgcc.a(_clear_bss.o)
 .bss           0x0000000000800586        0x0 /usr/lib/gcc/avr/6.2.0/avr51/libgcc.a(_muluhisi3.o)
 .bss           0x0000000000800586        0x0 /usr/lib/gcc/avr/6.2.0/avr51/libgcc.a(_umulhisi3.o)
 .bss           0x0000000000800586        0x0 /usr/lib/gcc/avr/6.2.0/../../../../avr/lib/avr51/libm.a(addsf3.o)
 .bss           0x0000000000800586        0x0 /usr/lib/gcc/avr/6.2.0/../../../../avr/lib/avr51/libm.a(addsf3x.o)
 .bss           0x0000000000800586        0x0 /usr/lib/gcc/avr/6.2.0/../../../../avr/lib/avr51/libm.a(cmpsf2.o)
 .bss           0x0000000000800586        0x0 /usr/lib/gcc/avr/6.2.0/../../../../avr/lib/avr51/libm.a(divsf3.o)
 .bss           0x0000000000800586        0x0 /usr/lib/gcc/avr/6.2.0/../../../../avr/lib/avr51/libm.a(divsf3x.o)
 .bss           0x0000000000800586        0x0 /usr/lib/gcc/avr/6.2.0/../../../../avr/lib/avr51/libm.a(fixsfsi.o)
 .bss           0x0000000000800586        0x0 /usr/lib/gcc/avr/6.2.0/../../../../avr/lib/avr51/libm.a(fixunssfsi.o)
 .bss           0x0000000000800586        0x0 /usr/lib/gcc/avr/6.2.0/../../../../avr/lib/avr51/libm.a(floatsisf.o)
 .bss           0x0000000000800586        0x0 /usr/lib/gcc/avr/6.2.0/../../../../avr/lib/avr51/libm.a(fp_cmp.o)
 .bss           0x0000000000800586        0x0 /usr/lib/gcc/avr/6.2.0/../../../../avr/lib/avr51/libm.a(fp_inf.o)
 .bss           0x0000000000800586        0x0 /usr/lib/gcc/avr/6.2.0/../../../../avr/lib/avr51/libm.a(fp_nan.o)
 .bss           0x0000000000800586        0x0 /usr/lib/gcc/avr/6.2.0/../../../../avr/lib/avr51/libm.a(fp_pscA.o)
 .bss           0x0000000000800586        0x0 /usr/lib/gcc/avr/6.2.0/../../../../avr/lib/avr51/libm.a(fp_pscB.o)
 .bss           0x0000000000800586        0x0 /usr/lib/gcc/avr/6.2.0/../../../../avr/lib/avr51/libm.a(fp_round.o)
 .bss           0x0000000000800586        0x0 /usr/lib/gcc/avr/6.2.0/../../../../avr/lib/avr51/libm.a(fp_split3.o)
 .bss           0x0000000000800586        0x0 /usr/lib/gcc/avr/6.2.0/../../../../avr/lib/avr51/libm.a(fp_zero.o)
 .bss           0x0000000000800586        0x0 /usr/lib/gcc/avr/6.2.0/../../../../avr/lib/avr51/libm.a(gesf2.o)
 .bss           0x0000000000800586        0x0 /usr/lib/gcc/avr/6.2.0/../../../../avr/lib/avr51/libm.a(mulsf3.o)
 .bss           0x0000000000800586        0x0 /usr/lib/gcc/avr/6.2.0/../../../../avr/lib/avr51/libm.a(mulsf3x.o)
 .bss           0x0000000000800586        0x0 /usr/lib/gcc/avr/6.2.0/../../../../avr/lib/avr51/libc.a(memcpy.o)
 .bss           0x0000000000800586        0x0 /usr/lib/gcc/avr/6.2.0/../../../../avr/lib/avr51/libc.a(itoa_ncheck.o)
 .bss           0x0000000000800586        0x0 /usr/lib/gcc/avr/6.2.0/../../../../avr/lib/avr51/libc.a(utoa_ncheck.o)
 .bss           0x0000000000800586        0x0 /usr/lib/gcc/avr/6.2.0/../../../../avr/lib/avr51/libc.a(sprintf.o)
 .bss           0x0000000000800586        0x0 /usr/lib/gcc/avr/6.2.0/../../../../avr/lib/avr51/libc.a(vfprintf_std.o)
 .bss           0x0000000000800586        0x0 /usr/lib/gcc/avr/6.2.0/../../../../avr/lib/avr51/libc.a(strnlen_P.o)
 .bss           0x0000000000800586        0x0 /usr/lib/gcc/avr/6.2.0/../../../../avr/lib/avr51/libc.a(strnlen.o)
 .bss           0x0000000000800586        0x0 /usr/lib/gcc/avr/6.2.0/../../../../avr/lib/avr51/libc.a(strrev.o)
 .bss           0x0000000000800586        0x0 /usr/lib/gcc/avr/6.2.0/../../../../avr/lib/avr51/libc.a(fputc.o)
 .bss           0x0000000000800586        0x0 /usr/lib/gcc/avr/6.2.0/../../../../avr/lib/avr51/libc.a(ultoa_invert.o)
 .bss           0x0000000000800586        0x0 /usr/lib/gcc/avr/6.2.0/../../../../avr/lib/avr51/libat90can128.a(eerd_byte.o)
 .bss           0x0000000000800586        0x0 /usr/lib/gcc/avr/6.2.0/../../../../avr/lib/avr51/libat90can128.a(eerd_word.o)
 .bss           0x0000000000800586        0x0 /usr/lib/gcc/avr/6.2.0/../../../../avr/lib/avr51/libat90can128.a(eewr_byte.o)
 .bss           0x0000000000800586        0x0 /usr/lib/gcc/avr/6.2.0/../../../../avr/lib/avr51/libat90can128.a(eewr_word.o)
 .bss           0x0000000000800586        0x0 /usr/lib/gcc/avr/6.2.0/../../../../avr/lib/avr51/libat90can128.a(eerd_block.o)
 *(.bss*)
 *(COMMON)
 COMMON         0x0000000000800586      0x186 build/main.o
                0x0000000000800586                button_enter
                0x0000000000800587                Pack_State_Strings
                0x0000000000800595                ams_voltage
                0x0000000000800597                cell_status
                0x000000000080059e                pack_SOC
                0x000000000080059f                display_2
                0x00000000008005b3                cell_Tslp
                0x00000000008005cf                address
                0x00000000008005d3                lcd_flag
                0x00000000008005d4                CANADD_PACKINFO1
                0x00000000008005d6                ams_temp
                0x00000000008005d8                PACK_NUM
                0x00000000008005d9                ams_board_addr
                0x00000000008005e9                v_select
                0x00000000008005eb                pack_current
                0x00000000008005ef                can_frame_ctrl
                0x00000000008005f1                sloop_state
                0x00000000008005f2                CANADD_CELLINFO
                0x00000000008005f4                cell_T
                0x0000000000800602                adc_value
                0x0000000000800606                pack_state
                0x0000000000800608                cell_Voff
                0x0000000000800616                display_0
                0x000000000080062a                curr_pack_id
                0x000000000080062b                fault_code
                0x000000000080062c                bypass_flag
                0x000000000080062d                A_mutex
                0x0000000000800632                off_result
                0x0000000000800637                can_frame
                0x0000000000800644                curr_can_addr
                0x0000000000800649                pack_num_choice
                0x000000000080064a                flt_cnd
                0x000000000080064f                ams_serial_array
                0x000000000080068f                display_1
                0x00000000008006a3                LOW_DET
                0x00000000008006a4                sel
                0x00000000008006a5                can_buff
                0x00000000008006ad                prev_pack_SOC
                0x00000000008006ae                pack_voltage
                0x00000000008006b0                pack_coulombs
                0x00000000008006b4                button_down
                0x00000000008006b5                cell
                0x00000000008006b6                slp_result
                0x00000000008006bb                ams_board_count
                0x00000000008006bc                can_frame_id
                0x00000000008006c0                CHRG_DET
                0x00000000008006c1                cell_V
                0x00000000008006cf                addr_choice
                0x00000000008006d1                CANADD_PACKINFO2
                0x00000000008006d3                cell_Toff
                0x00000000008006e1                shunt_voltage
                0x00000000008006e3                button_up
                0x00000000008006e4                cell_Vslp
                0x00000000008006f2                display_3
                0x0000000000800706                next_pack_id
                0x0000000000800707                next_can_addr
 COMMON         0x000000000080070c        0x5 build/i2c.o
                0x000000000080070c                i2c_mutex
 COMMON         0x0000000000800711        0x3 build/task_can.o
                0x0000000000800711                i
                0x0000000000800713                num_cells
                0x0000000000800714                PROVIDE (__bss_end, .)
                0x0000000000005a9c                __data_load_start = LOADADDR (.data)
                0x0000000000005c24                __data_load_end = (__data_load_start + SIZEOF (.data))

.noinit         0x0000000000800714        0x0
                [!provide]                        PROVIDE (__noinit_start, .)
 *(.noinit*)
                [!provide]                        PROVIDE (__noinit_end, .)
                0x0000000000800714                _end = .
                [!provide]                        PROVIDE (__heap_start, .)

.eeprom         0x0000000000810000        0x0
 *(.eeprom*)
                0x0000000000810000                __eeprom_end = .

.fuse
 *(.fuse)
 *(.lfuse)
 *(.hfuse)
 *(.efuse)

.lock
 *(.lock*)

.signature
 *(.signature*)

.stab           0x0000000000000000     0xf8a0
 *(.stab)
 .stab          0x0000000000000000      0xad4 build/main.o
 .stab          0x0000000000000ad4     0x19bc build/i2c.o
                                       0x1ca4 (size before relaxing)
 .stab          0x0000000000002490     0x16a4 build/lcd.o
                                       0x1aac (size before relaxing)
 .stab          0x0000000000003b34      0x630 build/task_button.o
                                        0x9a8 (size before relaxing)
 .stab          0x0000000000004164      0xaa4 build/task_i2c.o
                                        0xeb8 (size before relaxing)
 .stab          0x0000000000004c08      0xae0 build/task_can.o
                                        0xdc8 (size before relaxing)
 .stab          0x00000000000056e8      0x7e0 build/task_gui.o
                                        0xbe8 (size before relaxing)
 .stab          0x0000000000005ec8      0x384 build/task_watchdog.o
                                        0x5d0 (size before relaxing)
 .stab          0x000000000000624c      0x9c0 build/task_charge.o
                                        0xdec (size before relaxing)
 .stab          0x0000000000006c0c      0x60c build/task_safety.o
                                        0x984 (size before relaxing)
 .stab          0x0000000000007218      0xbdc build/task_config.o
                                       0x1020 (size before relaxing)
 .stab          0x0000000000007df4      0x648 build/task_heartbeat.o
                                        0x9c0 (size before relaxing)
 .stab          0x000000000000843c      0x6b4 build/tasklist.o
                                        0xae0 (size before relaxing)
 .stab          0x0000000000008af0      0x390 build/atomport-asm.o
                                        0x39c (size before relaxing)
 .stab          0x0000000000008e80      0xe28 build/atomkernel.o
                                        0xff0 (size before relaxing)
 .stab          0x0000000000009ca8      0xb94 build/atomsem.o
                                        0xdc8 (size before relaxing)
 .stab          0x000000000000a83c      0xb28 build/atommutex.o
                                        0xdb0 (size before relaxing)
 .stab          0x000000000000b364      0x93c build/atomtimer.o
                                        0xbc4 (size before relaxing)
 .stab          0x000000000000bca0      0xf84 build/atomqueue.o
                                       0x120c (size before relaxing)
 .stab          0x000000000000cc24      0x618 build/atomport.o
                                        0x864 (size before relaxing)
 .stab          0x000000000000d23c      0x768 build/atmel/TWI_Master.o
                                        0x948 (size before relaxing)
 .stab          0x000000000000d9a4      0xa5c build/atmel/can_lib.o
                                        0xce4 (size before relaxing)
 .stab          0x000000000000e400      0x6b4 build/atmel/can_drv.o
                                        0x8f4 (size before relaxing)
 .stab          0x000000000000eab4      0x108 /usr/lib/gcc/avr/6.2.0/avr51/libgcc.a(_mulsi3.o)
                                        0x114 (size before relaxing)
 .stab          0x000000000000ebbc       0xe4 /usr/lib/gcc/avr/6.2.0/avr51/libgcc.a(_udivmodqi4.o)
                                         0xf0 (size before relaxing)
 .stab          0x000000000000eca0       0xf0 /usr/lib/gcc/avr/6.2.0/avr51/libgcc.a(_divmodqi4.o)
                                         0xfc (size before relaxing)
 .stab          0x000000000000ed90      0x15c /usr/lib/gcc/avr/6.2.0/avr51/libgcc.a(_udivmodhi4.o)
                                        0x168 (size before relaxing)
 .stab          0x000000000000eeec      0x138 /usr/lib/gcc/avr/6.2.0/avr51/libgcc.a(_divmodhi4.o)
                                        0x144 (size before relaxing)
 .stab          0x000000000000f024      0x228 /usr/lib/gcc/avr/6.2.0/avr51/libgcc.a(_udivmodsi4.o)
                                        0x234 (size before relaxing)
 .stab          0x000000000000f24c      0x144 /usr/lib/gcc/avr/6.2.0/avr51/libgcc.a(_divmodsi4.o)
                                        0x150 (size before relaxing)
 .stab          0x000000000000f390       0x6c /usr/lib/gcc/avr/6.2.0/avr51/libgcc.a(_negsi2.o)
                                         0x78 (size before relaxing)
 .stab          0x000000000000f3fc       0x6c /usr/lib/gcc/avr/6.2.0/avr51/libgcc.a(_exit.o)
                                         0x78 (size before relaxing)
 .stab          0x000000000000f468       0xc0 /usr/lib/gcc/avr/6.2.0/avr51/libgcc.a(_tablejump2.o)
                                         0xcc (size before relaxing)
 .stab          0x000000000000f528       0xf0 /usr/lib/gcc/avr/6.2.0/avr51/libgcc.a(_copy_data.o)
                                         0xfc (size before relaxing)
 .stab          0x000000000000f618       0xb4 /usr/lib/gcc/avr/6.2.0/avr51/libgcc.a(_clear_bss.o)
                                         0xc0 (size before relaxing)
 .stab          0x000000000000f6cc       0xcc /usr/lib/gcc/avr/6.2.0/avr51/libgcc.a(_muluhisi3.o)
                                         0xd8 (size before relaxing)
 .stab          0x000000000000f798      0x108 /usr/lib/gcc/avr/6.2.0/avr51/libgcc.a(_umulhisi3.o)
                                        0x114 (size before relaxing)

.stabstr        0x0000000000000000     0x5fec
 *(.stabstr)
 .stabstr       0x0000000000000000     0x5fec build/main.o

.stab.excl
 *(.stab.excl)

.stab.exclstr
 *(.stab.exclstr)

.stab.index
 *(.stab.index)

.stab.indexstr
 *(.stab.indexstr)

.comment        0x0000000000000000       0x21
 *(.comment)
 .comment       0x0000000000000000       0x21 build/main.o
                                         0x22 (size before relaxing)
 .comment       0x0000000000000021       0x22 build/i2c.o
 .comment       0x0000000000000021       0x22 build/lcd.o
 .comment       0x0000000000000021       0x22 build/task_button.o
 .comment       0x0000000000000021       0x22 build/task_i2c.o
 .comment       0x0000000000000021       0x22 build/task_can.o
 .comment       0x0000000000000021       0x22 build/task_gui.o
 .comment       0x0000000000000021       0x22 build/task_watchdog.o
 .comment       0x0000000000000021       0x22 build/task_charge.o
 .comment       0x0000000000000021       0x22 build/task_safety.o
 .comment       0x0000000000000021       0x22 build/task_config.o
 .comment       0x0000000000000021       0x22 build/task_heartbeat.o
 .comment       0x0000000000000021       0x22 build/tasklist.o
 .comment       0x0000000000000021       0x22 build/atomkernel.o
 .comment       0x0000000000000021       0x22 build/atomsem.o
 .comment       0x0000000000000021       0x22 build/atommutex.o
 .comment       0x0000000000000021       0x22 build/atomtimer.o
 .comment       0x0000000000000021       0x22 build/atomqueue.o
 .comment       0x0000000000000021       0x22 build/atomport.o
 .comment       0x0000000000000021       0x22 build/atmel/TWI_Master.o
 .comment       0x0000000000000021       0x22 build/atmel/can_lib.o
 .comment       0x0000000000000021       0x22 build/atmel/can_drv.o
 .comment       0x0000000000000021       0x22 /usr/lib/gcc/avr/6.2.0/../../../../avr/lib/avr51/libc.a(sprintf.o)
 .comment       0x0000000000000021       0x22 /usr/lib/gcc/avr/6.2.0/../../../../avr/lib/avr51/libc.a(vfprintf_std.o)
 .comment       0x0000000000000021       0x22 /usr/lib/gcc/avr/6.2.0/../../../../avr/lib/avr51/libc.a(fputc.o)

.note.gnu.avr.deviceinfo
                0x0000000000000000       0x40
 .note.gnu.avr.deviceinfo
                0x0000000000000000       0x40 /usr/lib/gcc/avr/6.2.0/../../../../avr/lib/avr51/crtat90can128.o

.avr.prop       0x0000000000000000       0x16
 .avr.prop      0x0000000000000000       0x16 build/atmel/can_lib.o

.note.gnu.build-id
 *(.note.gnu.build-id)

.debug
 *(.debug)

.line
 *(.line)

.debug_srcinfo
 *(.debug_srcinfo)

.debug_sfnames
 *(.debug_sfnames)

.debug_aranges
 *(.debug_aranges)

.debug_pubnames
 *(.debug_pubnames)

.debug_info     0x0000000000000000      0xa2d
 *(.debug_info .gnu.linkonce.wi.*)
 .debug_info    0x0000000000000000      0xa2d /usr/lib/gcc/avr/6.2.0/../../../../avr/lib/avr51/crtat90can128.o

.debug_abbrev   0x0000000000000000      0x9a0
 *(.debug_abbrev)
 .debug_abbrev  0x0000000000000000      0x9a0 /usr/lib/gcc/avr/6.2.0/../../../../avr/lib/avr51/crtat90can128.o

.debug_line     0x0000000000000000       0x1d
 *(.debug_line .debug_line.* .debug_line_end)
 .debug_line    0x0000000000000000       0x1d /usr/lib/gcc/avr/6.2.0/../../../../avr/lib/avr51/crtat90can128.o

.debug_frame
 *(.debug_frame)

.debug_str      0x0000000000000000      0x39f
 *(.debug_str)
 .debug_str     0x0000000000000000      0x39f /usr/lib/gcc/avr/6.2.0/../../../../avr/lib/avr51/crtat90can128.o

.debug_loc
 *(.debug_loc)

.debug_macinfo
 *(.debug_macinfo)

.debug_weaknames
 *(.debug_weaknames)

.debug_funcnames
 *(.debug_funcnames)

.debug_typenames
 *(.debug_typenames)

.debug_varnames
 *(.debug_varnames)

.debug_pubtypes
 *(.debug_pubtypes)

.debug_ranges
 *(.debug_ranges)

.debug_macro
 *(.debug_macro)
OUTPUT(build/pacman.elf elf32-avr)
LOAD linker stubs
